// Jest Snapshot v1, https://goo.gl/fbAQLP

exports[`Job Details loading actions Screen Should work as expected to get snapshot 1`] = `
[
  <RCTScrollView
    style={
      [
        {
          "backgroundColor": "#FFFFFF",
        },
      ]
    }
  >
    <View>
      <View
        style={
          [
            {
              "flexBasis": 0,
              "flexGrow": 1,
              "flexShrink": 1,
            },
          ]
        }
      >
        <View
          style={
            [
              {
                "height": 294.2647058823529,
              },
            ]
          }
        >
          <Image
            source={
              {
                "uri": "https://img.freepik.com/free-photo/doctor-with-stethoscope-hands-hospital-background_1423-1.jpg?w=1800&t=st=1701065844~exp=1701066444~hmac=c3febfb337e464bfef544f73469ab9e90ca1c5a01a059870f3fe9f4e2181243a",
              }
            }
            style={
              [
                {
                  "flexBasis": 0,
                  "flexGrow": 1,
                  "flexShrink": 1,
                },
              ]
            }
          />
          <View
            style={
              [
                {
                  "backgroundColor": "#d6f3f3",
                  "borderRadius": 10,
                  "flexDirection": "row",
                  "position": "absolute",
                  "right": 10,
                  "top": 10,
                },
              ]
            }
          >
            <View
              style={
                [
                  {
                    "paddingBottom": 10,
                    "paddingLeft": 10,
                    "paddingRight": 10,
                    "paddingTop": 10,
                  },
                ]
              }
            >
              <Image
                resizeMode="contain"
                source={
                  {
                    "testUri": "../../../src/assets/heart-red.png",
                  }
                }
                style={
                  [
                    {
                      "height": 39.23529411764706,
                      "width": 39.23529411764706,
                    },
                  ]
                }
              />
            </View>
            <View
              style={
                [
                  {
                    "paddingBottom": 10,
                    "paddingLeft": 10,
                    "paddingRight": 10,
                    "paddingTop": 10,
                  },
                ]
              }
            >
              <Image
                resizeMode="contain"
                source={
                  {
                    "testUri": "../../../src/assets/share.png",
                  }
                }
                style={
                  [
                    {
                      "height": 39.23529411764706,
                      "width": 39.23529411764706,
                    },
                  ]
                }
              />
            </View>
          </View>
          <View
            style={
              [
                {
                  "backgroundColor": "#00000066",
                  "bottom": 10,
                  "flexDirection": "row",
                  "left": 20,
                  "position": "absolute",
                },
              ]
            }
          >
            <Image
              resizeMode="contain"
              size={15}
              source={
                {
                  "testUri": "../../../src/assets/location.png",
                }
              }
              style={
                [
                  {
                    "height": 29.426470588235293,
                    "width": 29.426470588235293,
                  },
                ]
              }
            />
            <Text
              style={
                [
                  {
                    "color": "#0e3f6c",
                    "fontFamily": "Avenir",
                    "fontSize": 16,
                    "fontWeight": "400",
                  },
                  {
                    "color": "#FFFFFF",
                    "fontSize": 14,
                    "fontWeight": "800",
                    "marginLeft": 10,
                  },
                ]
              }
            >
              900  Fruit Street, Boston, MA 02114
            </Text>
          </View>
          <View
            style={
              [
                {
                  "backgroundColor": "#d6f3f3",
                  "borderRadius": 10,
                  "left": 10,
                  "position": "absolute",
                  "top": 10,
                },
              ]
            }
          >
            <Image
              resizeMode="contain"
              source={
                {
                  "testUri": "../../../src/assets/dropdown.png",
                }
              }
              style={
                [
                  {
                    "height": 39.23529411764706,
                    "width": 39.23529411764706,
                  },
                ]
              }
            />
          </View>
        </View>
        <View
          style={
            [
              {
                "flexDirection": "row",
                "marginLeft": 20,
                "marginRight": 20,
                "marginTop": 20,
              },
            ]
          }
        >
          <View
            style={
              [
                {
                  "flexBasis": 0,
                  "flexGrow": 1,
                  "flexShrink": 1,
                },
              ]
            }
          >
            <View
              style={
                [
                  {
                    "flexDirection": "row",
                  },
                ]
              }
            >
              <Text
                style={
                  [
                    {
                      "color": "#0e3f6c",
                      "fontFamily": "Avenir",
                      "fontSize": 16,
                      "fontWeight": "400",
                    },
                    {
                      "color": "#03606A",
                      "fontSize": 16,
                      "fontWeight": "900",
                      "marginRight": 5,
                    },
                  ]
                }
              >
                Medical Doctor
              </Text>
              <Text
                style={
                  [
                    {
                      "color": "#0e3f6c",
                      "fontFamily": "Avenir",
                      "fontSize": 16,
                      "fontWeight": "400",
                    },
                    {
                      "color": "#000000",
                      "fontSize": 16,
                      "fontWeight": "900",
                      "marginRight": 5,
                    },
                  ]
                }
              >
                500
              </Text>
            </View>
            <Text
              style={
                [
                  {
                    "color": "#0e3f6c",
                    "fontFamily": "Avenir",
                    "fontSize": 16,
                    "fontWeight": "400",
                  },
                  {
                    "color": "#3d3d3d",
                    "fontSize": 12,
                    "fontStyle": "italic",
                    "fontWeight": "900",
                  },
                ]
              }
            >
              Medley Medical Hospital
            </Text>
          </View>
          <View
            style={
              [
                {
                  "alignItems": "center",
                  "backgroundColor": "#00D1D1",
                  "borderRadius": 15,
                  "justifyContent": "center",
                },
              ]
            }
          >
            <Text
              style={
                [
                  {
                    "color": "#0e3f6c",
                    "fontFamily": "Avenir",
                    "fontSize": 16,
                    "fontWeight": "400",
                  },
                  {
                    "color": "#FFFFFF",
                    "fontSize": 20,
                    "fontWeight": "800",
                    "marginBottom": 10,
                    "marginLeft": 10,
                    "marginRight": 10,
                    "marginTop": 10,
                  },
                ]
              }
            />
          </View>
        </View>
        <View
          style={
            [
              {
                "alignItems": "flex-end",
                "marginRight": 20,
              },
            ]
          }
        >
          <Text
            style={
              [
                {
                  "color": "#0e3f6c",
                  "fontFamily": "Avenir",
                  "fontSize": 16,
                  "fontWeight": "400",
                },
                {
                  "color": "#008080",
                  "fontSize": 12,
                  "fontStyle": "italic",
                  "fontWeight": "400",
                },
              ]
            }
          >
            % match
          </Text>
        </View>
        <View
          style={
            [
              {
                "alignItems": "flex-start",
                "alignSelf": "flex-end",
                "flexDirection": "row",
                "justifyContent": "flex-start",
                "marginBottom": 10,
                "marginRight": 20,
                "marginTop": 10,
              },
            ]
          }
        >
          <Text
            style={
              [
                {
                  "color": "#0e3f6c",
                  "fontFamily": "Avenir",
                  "fontSize": 16,
                  "fontWeight": "400",
                },
                {
                  "color": "#000000",
                  "fontSize": 12,
                  "fontWeight": "400",
                  "marginRight": 5,
                },
              ]
            }
          >
            Estimated
             
            <Text
              style={
                [
                  {
                    "color": "#0e3f6c",
                    "fontFamily": "Avenir",
                    "fontSize": 16,
                    "fontWeight": "400",
                  },
                  {
                    "color": "#000000",
                    "fontSize": 16,
                    "fontWeight": "900",
                    "marginLeft": 5,
                  },
                ]
              }
            >
              $2500-3500
               
            </Text>
            <Text
              style={
                [
                  {
                    "color": "#0e3f6c",
                    "fontFamily": "Avenir",
                    "fontSize": 16,
                    "fontWeight": "400",
                  },
                  {
                    "color": "#000000",
                    "fontSize": 12,
                    "fontWeight": "400",
                    "marginRight": 5,
                  },
                ]
              }
            >
              /wk
            </Text>
          </Text>
        </View>
        <View
          style={
            [
              {
                "alignSelf": "stretch",
                "backgroundColor": "#E6E6E6",
                "height": 1,
                "marginBottom": 10,
                "marginLeft": 20,
                "marginRight": 20,
              },
            ]
          }
        />
        <View
          style={
            [
              {
                "flexBasis": 0,
                "flexGrow": 1,
                "flexShrink": 1,
                "marginBottom": 15,
                "marginLeft": 20,
              },
            ]
          }
        >
          <View
            style={
              [
                {
                  "marginBottom": 20,
                  "marginTop": 20,
                },
              ]
            }
          >
            <Text
              style={
                [
                  {
                    "color": "#0e3f6c",
                    "fontFamily": "Avenir",
                    "fontSize": 16,
                    "fontWeight": "400",
                  },
                  {
                    "color": "#0e3f6c",
                    "fontSize": 16,
                    "fontWeight": "500",
                    "marginLeft": 5,
                  },
                ]
              }
            >
              DETAILS
            </Text>
          </View>
          <View
            style={
              [
                {
                  "flexDirection": "row",
                },
              ]
            }
          >
            <View
              style={
                [
                  {
                    "flexBasis": 0,
                    "flexGrow": 1,
                    "flexShrink": 1,
                    "marginBottom": 10,
                  },
                ]
              }
            >
              <Text
                style={
                  [
                    {
                      "color": "#0e3f6c",
                      "fontFamily": "Avenir",
                      "fontSize": 16,
                      "fontWeight": "400",
                    },
                    {
                      "color": "#0e3f6c",
                      "fontSize": 16,
                      "fontWeight": "500",
                      "marginLeft": 5,
                    },
                  ]
                }
              >
                Discipline
              </Text>
            </View>
            <View
              style={
                [
                  {
                    "flexBasis": 0,
                    "flexGrow": 2,
                    "flexShrink": 1,
                  },
                ]
              }
            >
              <Text
                style={
                  [
                    {
                      "color": "#0e3f6c",
                      "fontFamily": "Avenir",
                      "fontSize": 16,
                      "fontWeight": "400",
                    },
                    {
                      "color": "#0e3f6c",
                      "fontSize": 14,
                      "fontWeight": "900",
                      "marginLeft": 5,
                    },
                  ]
                }
              >
                RN
              </Text>
            </View>
          </View>
          <View
            style={
              [
                {
                  "flexDirection": "row",
                },
              ]
            }
          >
            <View
              style={
                [
                  {
                    "flexBasis": 0,
                    "flexGrow": 1,
                    "flexShrink": 1,
                    "marginBottom": 10,
                  },
                ]
              }
            >
              <Text
                style={
                  [
                    {
                      "color": "#0e3f6c",
                      "fontFamily": "Avenir",
                      "fontSize": 16,
                      "fontWeight": "400",
                    },
                    {
                      "color": "#0e3f6c",
                      "fontSize": 16,
                      "fontWeight": "500",
                      "marginLeft": 5,
                    },
                  ]
                }
              >
                Specialty
              </Text>
            </View>
            <View
              style={
                [
                  {
                    "flexBasis": 0,
                    "flexGrow": 2,
                    "flexShrink": 1,
                  },
                ]
              }
            >
              <Text
                style={
                  [
                    {
                      "color": "#0e3f6c",
                      "fontFamily": "Avenir",
                      "fontSize": 16,
                      "fontWeight": "400",
                    },
                    {
                      "color": "#0e3f6c",
                      "fontSize": 14,
                      "fontWeight": "900",
                      "marginLeft": 5,
                    },
                  ]
                }
              >
                Cardic Cath Lab
              </Text>
            </View>
          </View>
          <View
            style={
              [
                {
                  "flexDirection": "row",
                },
              ]
            }
          >
            <View
              style={
                [
                  {
                    "flexBasis": 0,
                    "flexGrow": 1,
                    "flexShrink": 1,
                    "marginBottom": 10,
                  },
                ]
              }
            >
              <Text
                style={
                  [
                    {
                      "color": "#0e3f6c",
                      "fontFamily": "Avenir",
                      "fontSize": 16,
                      "fontWeight": "400",
                    },
                    {
                      "color": "#0e3f6c",
                      "fontSize": 16,
                      "fontWeight": "500",
                      "marginLeft": 5,
                    },
                  ]
                }
              >
                Duration
              </Text>
            </View>
            <View
              style={
                [
                  {
                    "flexBasis": 0,
                    "flexGrow": 2,
                    "flexShrink": 1,
                  },
                ]
              }
            >
              <Text
                style={
                  [
                    {
                      "color": "#0e3f6c",
                      "fontFamily": "Avenir",
                      "fontSize": 16,
                      "fontWeight": "400",
                    },
                    {
                      "color": "#0e3f6c",
                      "fontSize": 14,
                      "fontWeight": "900",
                      "marginLeft": 5,
                    },
                  ]
                }
              >
                13 Weeks
              </Text>
            </View>
          </View>
          <View
            style={
              [
                {
                  "flexDirection": "row",
                },
              ]
            }
          >
            <View
              style={
                [
                  {
                    "flexBasis": 0,
                    "flexGrow": 1,
                    "flexShrink": 1,
                    "marginBottom": 10,
                  },
                ]
              }
            >
              <Text
                style={
                  [
                    {
                      "color": "#0e3f6c",
                      "fontFamily": "Avenir",
                      "fontSize": 16,
                      "fontWeight": "400",
                    },
                    {
                      "color": "#0e3f6c",
                      "fontSize": 16,
                      "fontWeight": "500",
                      "marginLeft": 5,
                    },
                  ]
                }
              >
                Shift
              </Text>
            </View>
            <View
              style={
                [
                  {
                    "flexBasis": 0,
                    "flexGrow": 2,
                    "flexShrink": 1,
                  },
                ]
              }
            >
              <Text
                style={
                  [
                    {
                      "color": "#0e3f6c",
                      "fontFamily": "Avenir",
                      "fontSize": 16,
                      "fontWeight": "400",
                    },
                    {
                      "color": "#0e3f6c",
                      "fontSize": 14,
                      "fontWeight": "900",
                      "marginLeft": 5,
                    },
                  ]
                }
              />
            </View>
          </View>
        </View>
        <View
          style={
            [
              {
                "alignSelf": "stretch",
                "backgroundColor": "#E6E6E6",
                "height": 1,
                "marginBottom": 10,
                "marginLeft": 20,
                "marginRight": 20,
              },
            ]
          }
        />
        <View
          style={
            [
              {
                "marginLeft": 20,
              },
            ]
          }
        >
          <View
            style={
              [
                {
                  "marginBottom": 20,
                  "marginTop": 20,
                },
              ]
            }
          >
            <Text
              style={
                [
                  {
                    "color": "#0e3f6c",
                    "fontFamily": "Avenir",
                    "fontSize": 16,
                    "fontWeight": "400",
                  },
                  {
                    "color": "#0e3f6c",
                    "fontSize": 16,
                    "fontWeight": "500",
                    "marginLeft": 5,
                  },
                ]
              }
            >
              REQUIREMENTS
            </Text>
          </View>
          <View
            style={
              [
                {
                  "flexDirection": "row",
                },
              ]
            }
          >
            <View
              style={
                [
                  {
                    "flexBasis": 0,
                    "flexGrow": 1,
                    "flexShrink": 1,
                    "marginBottom": 10,
                  },
                ]
              }
            >
              <Text
                style={
                  [
                    {
                      "color": "#0e3f6c",
                      "fontFamily": "Avenir",
                      "fontSize": 16,
                      "fontWeight": "400",
                    },
                    {
                      "color": "#0e3f6c",
                      "fontSize": 16,
                      "fontWeight": "500",
                      "marginLeft": 5,
                    },
                  ]
                }
              >
                License
              </Text>
            </View>
            <View
              style={
                [
                  {
                    "flexBasis": 0,
                    "flexGrow": 2,
                    "flexShrink": 1,
                  },
                ]
              }
            >
              <Text
                style={
                  [
                    {
                      "color": "#0e3f6c",
                      "fontFamily": "Avenir",
                      "fontSize": 16,
                      "fontWeight": "400",
                    },
                    {
                      "color": "#0e3f6c",
                      "fontSize": 14,
                      "fontWeight": "900",
                      "marginLeft": 5,
                    },
                  ]
                }
              >
                RN, TN, Compact
              </Text>
            </View>
          </View>
          <View
            style={
              [
                {
                  "flexDirection": "row",
                },
              ]
            }
          >
            <View
              style={
                [
                  {
                    "flexBasis": 0,
                    "flexGrow": 1,
                    "flexShrink": 1,
                    "marginBottom": 10,
                  },
                ]
              }
            >
              <Text
                style={
                  [
                    {
                      "color": "#0e3f6c",
                      "fontFamily": "Avenir",
                      "fontSize": 16,
                      "fontWeight": "400",
                    },
                    {
                      "color": "#0e3f6c",
                      "fontSize": 16,
                      "fontWeight": "500",
                      "marginLeft": 5,
                    },
                  ]
                }
              >
                License State
              </Text>
            </View>
            <View
              style={
                [
                  {
                    "flexBasis": 0,
                    "flexGrow": 2,
                    "flexShrink": 1,
                  },
                ]
              }
            >
              <Text
                style={
                  [
                    {
                      "color": "#0e3f6c",
                      "fontFamily": "Avenir",
                      "fontSize": 16,
                      "fontWeight": "400",
                    },
                    {
                      "color": "#0e3f6c",
                      "fontSize": 14,
                      "fontWeight": "900",
                      "marginLeft": 5,
                    },
                  ]
                }
              >
                RN
              </Text>
            </View>
          </View>
        </View>
        <View
          style={
            [
              {
                "flexBasis": 0,
                "flexDirection": "row",
                "flexGrow": 1,
                "flexShrink": 1,
                "marginBottom": 20,
                "marginTop": 100,
              },
            ]
          }
        >
          <View
            style={
              [
                {
                  "flexBasis": 0,
                  "flexGrow": 1,
                  "flexShrink": 1,
                },
              ]
            }
          >
            <View
              style={
                [
                  {
                    "marginLeft": 5,
                    "marginRight": 5,
                    "paddingBottom": 5,
                    "paddingLeft": 5,
                    "paddingRight": 5,
                    "paddingTop": 5,
                  },
                ]
              }
            >
              <View
                border={30}
                borderc="#99E1E1"
                borderw={2}
                style={
                  [
                    {
                      "borderColor": "#99E1E1",
                      "borderRadius": 30,
                      "borderWidth": 2,
                    },
                  ]
                }
              >
                <View
                  accessibilityLabel="AtomsButtonTestId"
                  accessibilityState={
                    {
                      "busy": undefined,
                      "checked": undefined,
                      "disabled": undefined,
                      "expanded": undefined,
                      "selected": undefined,
                    }
                  }
                  accessibilityValue={
                    {
                      "max": undefined,
                      "min": undefined,
                      "now": undefined,
                      "text": undefined,
                    }
                  }
                  accessible={true}
                  collapsable={false}
                  focusable={true}
                  onClick={[Function]}
                  onResponderGrant={[Function]}
                  onResponderMove={[Function]}
                  onResponderRelease={[Function]}
                  onResponderTerminate={[Function]}
                  onResponderTerminationRequest={[Function]}
                  onStartShouldSetResponder={[Function]}
                  style={
                    {
                      "alignItems": "center",
                      "backgroundColor": "#FFFFFF",
                      "borderRadius": 30,
                      "opacity": 1,
                      "paddingBottom": 15,
                      "paddingLeft": 15,
                      "paddingRight": 15,
                      "paddingTop": 15,
                    }
                  }
                  testID="AtomsButtonTestId"
                >
                  <Text
                    style={
                      [
                        {
                          "color": "#03606A",
                          "fontFamily": "Avenir",
                          "fontSize": 15,
                          "fontWeight": "500",
                        },
                      ]
                    }
                  >
                    TELL ME MORE
                  </Text>
                </View>
              </View>
            </View>
          </View>
          <View
            style={
              [
                {
                  "flexBasis": 0,
                  "flexGrow": 1,
                  "flexShrink": 1,
                },
              ]
            }
          >
            <View
              style={
                [
                  {
                    "marginLeft": 5,
                    "marginRight": 5,
                    "paddingBottom": 5,
                    "paddingLeft": 5,
                    "paddingRight": 5,
                    "paddingTop": 5,
                  },
                ]
              }
            >
              <View
                border={30}
                borderc="#99E1E1"
                borderw={2}
                style={
                  [
                    {
                      "borderColor": "#99E1E1",
                      "borderRadius": 30,
                      "borderWidth": 2,
                    },
                  ]
                }
              >
                <View
                  accessibilityLabel="JobDetailsScreenSubmitButtonTestId"
                  accessibilityState={
                    {
                      "busy": undefined,
                      "checked": undefined,
                      "disabled": undefined,
                      "expanded": undefined,
                      "selected": undefined,
                    }
                  }
                  accessibilityValue={
                    {
                      "max": undefined,
                      "min": undefined,
                      "now": undefined,
                      "text": undefined,
                    }
                  }
                  accessible={true}
                  collapsable={false}
                  focusable={true}
                  onClick={[Function]}
                  onResponderGrant={[Function]}
                  onResponderMove={[Function]}
                  onResponderRelease={[Function]}
                  onResponderTerminate={[Function]}
                  onResponderTerminationRequest={[Function]}
                  onStartShouldSetResponder={[Function]}
                  style={
                    {
                      "alignItems": "center",
                      "backgroundColor": "#d6f3f3",
                      "borderRadius": 30,
                      "opacity": 1,
                      "paddingBottom": 15,
                      "paddingLeft": 15,
                      "paddingRight": 15,
                      "paddingTop": 15,
                    }
                  }
                  testID="JobDetailsScreenSubmitButtonTestId"
                >
                  <Text
                    style={
                      [
                        {
                          "color": "#03606A",
                          "fontFamily": "Avenir",
                          "fontSize": 15,
                          "fontWeight": "500",
                        },
                      ]
                    }
                  >
                    PLEASE SUBMIT
                  </Text>
                </View>
              </View>
            </View>
          </View>
        </View>
      </View>
    </View>
  </RCTScrollView>,
  <Modal
    accessibilityLabel="JobDetailsAlertModalTestId"
    animationType="slide"
    hardwareAccelerated={false}
    onRequestClose={[Function]}
    style={
      [
        {},
      ]
    }
    testID="JobDetailsAlertModalTestId"
    transparent={true}
    visible={false}
  />,
]
`;

exports[`Job Details loading actions Screen Should work as expected to get snapshot 2`] = `
[
  <RCTScrollView
    style={
      [
        {
          "backgroundColor": "#FFFFFF",
        },
      ]
    }
  >
    <View>
      <View
        style={
          [
            {
              "flexBasis": 0,
              "flexGrow": 1,
              "flexShrink": 1,
            },
          ]
        }
      >
        <View
          style={
            [
              {
                "height": 294.2647058823529,
              },
            ]
          }
        >
          <Image
            source={
              {
                "uri": "https://img.freepik.com/free-photo/doctor-with-stethoscope-hands-hospital-background_1423-1.jpg?w=1800&t=st=1701065844~exp=1701066444~hmac=c3febfb337e464bfef544f73469ab9e90ca1c5a01a059870f3fe9f4e2181243a",
              }
            }
            style={
              [
                {
                  "flexBasis": 0,
                  "flexGrow": 1,
                  "flexShrink": 1,
                },
              ]
            }
          />
          <View
            style={
              [
                {
                  "backgroundColor": "#d6f3f3",
                  "borderRadius": 10,
                  "flexDirection": "row",
                  "position": "absolute",
                  "right": 10,
                  "top": 10,
                },
              ]
            }
          >
            <View
              style={
                [
                  {
                    "paddingBottom": 10,
                    "paddingLeft": 10,
                    "paddingRight": 10,
                    "paddingTop": 10,
                  },
                ]
              }
            >
              <Image
                resizeMode="contain"
                source={
                  {
                    "testUri": "../../../src/assets/heart-red.png",
                  }
                }
                style={
                  [
                    {
                      "height": 39.23529411764706,
                      "width": 39.23529411764706,
                    },
                  ]
                }
              />
            </View>
            <View
              style={
                [
                  {
                    "paddingBottom": 10,
                    "paddingLeft": 10,
                    "paddingRight": 10,
                    "paddingTop": 10,
                  },
                ]
              }
            >
              <Image
                resizeMode="contain"
                source={
                  {
                    "testUri": "../../../src/assets/share.png",
                  }
                }
                style={
                  [
                    {
                      "height": 39.23529411764706,
                      "width": 39.23529411764706,
                    },
                  ]
                }
              />
            </View>
          </View>
          <View
            style={
              [
                {
                  "backgroundColor": "#00000066",
                  "bottom": 10,
                  "flexDirection": "row",
                  "left": 20,
                  "position": "absolute",
                },
              ]
            }
          >
            <Image
              resizeMode="contain"
              size={15}
              source={
                {
                  "testUri": "../../../src/assets/location.png",
                }
              }
              style={
                [
                  {
                    "height": 29.426470588235293,
                    "width": 29.426470588235293,
                  },
                ]
              }
            />
            <Text
              style={
                [
                  {
                    "color": "#0e3f6c",
                    "fontFamily": "Avenir",
                    "fontSize": 16,
                    "fontWeight": "400",
                  },
                  {
                    "color": "#FFFFFF",
                    "fontSize": 14,
                    "fontWeight": "800",
                    "marginLeft": 10,
                  },
                ]
              }
            >
              900  Fruit Street, Boston, MA 02114
            </Text>
          </View>
          <View
            style={
              [
                {
                  "backgroundColor": "#d6f3f3",
                  "borderRadius": 10,
                  "left": 10,
                  "position": "absolute",
                  "top": 10,
                },
              ]
            }
          >
            <Image
              resizeMode="contain"
              source={
                {
                  "testUri": "../../../src/assets/dropdown.png",
                }
              }
              style={
                [
                  {
                    "height": 39.23529411764706,
                    "width": 39.23529411764706,
                  },
                ]
              }
            />
          </View>
        </View>
        <View
          style={
            [
              {
                "flexDirection": "row",
                "marginLeft": 20,
                "marginRight": 20,
                "marginTop": 20,
              },
            ]
          }
        >
          <View
            style={
              [
                {
                  "flexBasis": 0,
                  "flexGrow": 1,
                  "flexShrink": 1,
                },
              ]
            }
          >
            <View
              style={
                [
                  {
                    "flexDirection": "row",
                  },
                ]
              }
            >
              <Text
                style={
                  [
                    {
                      "color": "#0e3f6c",
                      "fontFamily": "Avenir",
                      "fontSize": 16,
                      "fontWeight": "400",
                    },
                    {
                      "color": "#03606A",
                      "fontSize": 16,
                      "fontWeight": "900",
                      "marginRight": 5,
                    },
                  ]
                }
              >
                Medical Doctor
              </Text>
              <Text
                style={
                  [
                    {
                      "color": "#0e3f6c",
                      "fontFamily": "Avenir",
                      "fontSize": 16,
                      "fontWeight": "400",
                    },
                    {
                      "color": "#000000",
                      "fontSize": 16,
                      "fontWeight": "900",
                      "marginRight": 5,
                    },
                  ]
                }
              >
                500
              </Text>
            </View>
            <Text
              style={
                [
                  {
                    "color": "#0e3f6c",
                    "fontFamily": "Avenir",
                    "fontSize": 16,
                    "fontWeight": "400",
                  },
                  {
                    "color": "#3d3d3d",
                    "fontSize": 12,
                    "fontStyle": "italic",
                    "fontWeight": "900",
                  },
                ]
              }
            >
              Medley Medical Hospital
            </Text>
          </View>
          <View
            style={
              [
                {
                  "alignItems": "center",
                  "backgroundColor": "#00D1D1",
                  "borderRadius": 15,
                  "justifyContent": "center",
                },
              ]
            }
          >
            <Text
              style={
                [
                  {
                    "color": "#0e3f6c",
                    "fontFamily": "Avenir",
                    "fontSize": 16,
                    "fontWeight": "400",
                  },
                  {
                    "color": "#FFFFFF",
                    "fontSize": 20,
                    "fontWeight": "800",
                    "marginBottom": 10,
                    "marginLeft": 10,
                    "marginRight": 10,
                    "marginTop": 10,
                  },
                ]
              }
            />
          </View>
        </View>
        <View
          style={
            [
              {
                "alignItems": "flex-end",
                "marginRight": 20,
              },
            ]
          }
        >
          <Text
            style={
              [
                {
                  "color": "#0e3f6c",
                  "fontFamily": "Avenir",
                  "fontSize": 16,
                  "fontWeight": "400",
                },
                {
                  "color": "#008080",
                  "fontSize": 12,
                  "fontStyle": "italic",
                  "fontWeight": "400",
                },
              ]
            }
          >
            % match
          </Text>
        </View>
        <View
          style={
            [
              {
                "alignItems": "flex-start",
                "alignSelf": "flex-end",
                "flexDirection": "row",
                "justifyContent": "flex-start",
                "marginBottom": 10,
                "marginRight": 20,
                "marginTop": 10,
              },
            ]
          }
        >
          <Text
            style={
              [
                {
                  "color": "#0e3f6c",
                  "fontFamily": "Avenir",
                  "fontSize": 16,
                  "fontWeight": "400",
                },
                {
                  "color": "#000000",
                  "fontSize": 12,
                  "fontWeight": "400",
                  "marginRight": 5,
                },
              ]
            }
          >
            Estimated
             
            <Text
              style={
                [
                  {
                    "color": "#0e3f6c",
                    "fontFamily": "Avenir",
                    "fontSize": 16,
                    "fontWeight": "400",
                  },
                  {
                    "color": "#000000",
                    "fontSize": 16,
                    "fontWeight": "900",
                    "marginLeft": 5,
                  },
                ]
              }
            >
              $2500-3500
               
            </Text>
            <Text
              style={
                [
                  {
                    "color": "#0e3f6c",
                    "fontFamily": "Avenir",
                    "fontSize": 16,
                    "fontWeight": "400",
                  },
                  {
                    "color": "#000000",
                    "fontSize": 12,
                    "fontWeight": "400",
                    "marginRight": 5,
                  },
                ]
              }
            >
              /wk
            </Text>
          </Text>
        </View>
        <View
          style={
            [
              {
                "alignSelf": "stretch",
                "backgroundColor": "#E6E6E6",
                "height": 1,
                "marginBottom": 10,
                "marginLeft": 20,
                "marginRight": 20,
              },
            ]
          }
        />
        <View
          style={
            [
              {
                "flexBasis": 0,
                "flexGrow": 1,
                "flexShrink": 1,
                "marginBottom": 15,
                "marginLeft": 20,
              },
            ]
          }
        >
          <View
            style={
              [
                {
                  "marginBottom": 20,
                  "marginTop": 20,
                },
              ]
            }
          >
            <Text
              style={
                [
                  {
                    "color": "#0e3f6c",
                    "fontFamily": "Avenir",
                    "fontSize": 16,
                    "fontWeight": "400",
                  },
                  {
                    "color": "#0e3f6c",
                    "fontSize": 16,
                    "fontWeight": "500",
                    "marginLeft": 5,
                  },
                ]
              }
            >
              DETAILS
            </Text>
          </View>
          <View
            style={
              [
                {
                  "flexDirection": "row",
                },
              ]
            }
          >
            <View
              style={
                [
                  {
                    "flexBasis": 0,
                    "flexGrow": 1,
                    "flexShrink": 1,
                    "marginBottom": 10,
                  },
                ]
              }
            >
              <Text
                style={
                  [
                    {
                      "color": "#0e3f6c",
                      "fontFamily": "Avenir",
                      "fontSize": 16,
                      "fontWeight": "400",
                    },
                    {
                      "color": "#0e3f6c",
                      "fontSize": 16,
                      "fontWeight": "500",
                      "marginLeft": 5,
                    },
                  ]
                }
              >
                Discipline
              </Text>
            </View>
            <View
              style={
                [
                  {
                    "flexBasis": 0,
                    "flexGrow": 2,
                    "flexShrink": 1,
                  },
                ]
              }
            >
              <Text
                style={
                  [
                    {
                      "color": "#0e3f6c",
                      "fontFamily": "Avenir",
                      "fontSize": 16,
                      "fontWeight": "400",
                    },
                    {
                      "color": "#0e3f6c",
                      "fontSize": 14,
                      "fontWeight": "900",
                      "marginLeft": 5,
                    },
                  ]
                }
              >
                RN
              </Text>
            </View>
          </View>
          <View
            style={
              [
                {
                  "flexDirection": "row",
                },
              ]
            }
          >
            <View
              style={
                [
                  {
                    "flexBasis": 0,
                    "flexGrow": 1,
                    "flexShrink": 1,
                    "marginBottom": 10,
                  },
                ]
              }
            >
              <Text
                style={
                  [
                    {
                      "color": "#0e3f6c",
                      "fontFamily": "Avenir",
                      "fontSize": 16,
                      "fontWeight": "400",
                    },
                    {
                      "color": "#0e3f6c",
                      "fontSize": 16,
                      "fontWeight": "500",
                      "marginLeft": 5,
                    },
                  ]
                }
              >
                Specialty
              </Text>
            </View>
            <View
              style={
                [
                  {
                    "flexBasis": 0,
                    "flexGrow": 2,
                    "flexShrink": 1,
                  },
                ]
              }
            >
              <Text
                style={
                  [
                    {
                      "color": "#0e3f6c",
                      "fontFamily": "Avenir",
                      "fontSize": 16,
                      "fontWeight": "400",
                    },
                    {
                      "color": "#0e3f6c",
                      "fontSize": 14,
                      "fontWeight": "900",
                      "marginLeft": 5,
                    },
                  ]
                }
              >
                Cardic Cath Lab
              </Text>
            </View>
          </View>
          <View
            style={
              [
                {
                  "flexDirection": "row",
                },
              ]
            }
          >
            <View
              style={
                [
                  {
                    "flexBasis": 0,
                    "flexGrow": 1,
                    "flexShrink": 1,
                    "marginBottom": 10,
                  },
                ]
              }
            >
              <Text
                style={
                  [
                    {
                      "color": "#0e3f6c",
                      "fontFamily": "Avenir",
                      "fontSize": 16,
                      "fontWeight": "400",
                    },
                    {
                      "color": "#0e3f6c",
                      "fontSize": 16,
                      "fontWeight": "500",
                      "marginLeft": 5,
                    },
                  ]
                }
              >
                Duration
              </Text>
            </View>
            <View
              style={
                [
                  {
                    "flexBasis": 0,
                    "flexGrow": 2,
                    "flexShrink": 1,
                  },
                ]
              }
            >
              <Text
                style={
                  [
                    {
                      "color": "#0e3f6c",
                      "fontFamily": "Avenir",
                      "fontSize": 16,
                      "fontWeight": "400",
                    },
                    {
                      "color": "#0e3f6c",
                      "fontSize": 14,
                      "fontWeight": "900",
                      "marginLeft": 5,
                    },
                  ]
                }
              >
                13 Weeks
              </Text>
            </View>
          </View>
          <View
            style={
              [
                {
                  "flexDirection": "row",
                },
              ]
            }
          >
            <View
              style={
                [
                  {
                    "flexBasis": 0,
                    "flexGrow": 1,
                    "flexShrink": 1,
                    "marginBottom": 10,
                  },
                ]
              }
            >
              <Text
                style={
                  [
                    {
                      "color": "#0e3f6c",
                      "fontFamily": "Avenir",
                      "fontSize": 16,
                      "fontWeight": "400",
                    },
                    {
                      "color": "#0e3f6c",
                      "fontSize": 16,
                      "fontWeight": "500",
                      "marginLeft": 5,
                    },
                  ]
                }
              >
                Shift
              </Text>
            </View>
            <View
              style={
                [
                  {
                    "flexBasis": 0,
                    "flexGrow": 2,
                    "flexShrink": 1,
                  },
                ]
              }
            >
              <Text
                style={
                  [
                    {
                      "color": "#0e3f6c",
                      "fontFamily": "Avenir",
                      "fontSize": 16,
                      "fontWeight": "400",
                    },
                    {
                      "color": "#0e3f6c",
                      "fontSize": 14,
                      "fontWeight": "900",
                      "marginLeft": 5,
                    },
                  ]
                }
              />
            </View>
          </View>
        </View>
        <View
          style={
            [
              {
                "alignSelf": "stretch",
                "backgroundColor": "#E6E6E6",
                "height": 1,
                "marginBottom": 10,
                "marginLeft": 20,
                "marginRight": 20,
              },
            ]
          }
        />
        <View
          style={
            [
              {
                "marginLeft": 20,
              },
            ]
          }
        >
          <View
            style={
              [
                {
                  "marginBottom": 20,
                  "marginTop": 20,
                },
              ]
            }
          >
            <Text
              style={
                [
                  {
                    "color": "#0e3f6c",
                    "fontFamily": "Avenir",
                    "fontSize": 16,
                    "fontWeight": "400",
                  },
                  {
                    "color": "#0e3f6c",
                    "fontSize": 16,
                    "fontWeight": "500",
                    "marginLeft": 5,
                  },
                ]
              }
            >
              REQUIREMENTS
            </Text>
          </View>
          <View
            style={
              [
                {
                  "flexDirection": "row",
                },
              ]
            }
          >
            <View
              style={
                [
                  {
                    "flexBasis": 0,
                    "flexGrow": 1,
                    "flexShrink": 1,
                    "marginBottom": 10,
                  },
                ]
              }
            >
              <Text
                style={
                  [
                    {
                      "color": "#0e3f6c",
                      "fontFamily": "Avenir",
                      "fontSize": 16,
                      "fontWeight": "400",
                    },
                    {
                      "color": "#0e3f6c",
                      "fontSize": 16,
                      "fontWeight": "500",
                      "marginLeft": 5,
                    },
                  ]
                }
              >
                License
              </Text>
            </View>
            <View
              style={
                [
                  {
                    "flexBasis": 0,
                    "flexGrow": 2,
                    "flexShrink": 1,
                  },
                ]
              }
            >
              <Text
                style={
                  [
                    {
                      "color": "#0e3f6c",
                      "fontFamily": "Avenir",
                      "fontSize": 16,
                      "fontWeight": "400",
                    },
                    {
                      "color": "#0e3f6c",
                      "fontSize": 14,
                      "fontWeight": "900",
                      "marginLeft": 5,
                    },
                  ]
                }
              >
                RN, TN, Compact
              </Text>
            </View>
          </View>
          <View
            style={
              [
                {
                  "flexDirection": "row",
                },
              ]
            }
          >
            <View
              style={
                [
                  {
                    "flexBasis": 0,
                    "flexGrow": 1,
                    "flexShrink": 1,
                    "marginBottom": 10,
                  },
                ]
              }
            >
              <Text
                style={
                  [
                    {
                      "color": "#0e3f6c",
                      "fontFamily": "Avenir",
                      "fontSize": 16,
                      "fontWeight": "400",
                    },
                    {
                      "color": "#0e3f6c",
                      "fontSize": 16,
                      "fontWeight": "500",
                      "marginLeft": 5,
                    },
                  ]
                }
              >
                License State
              </Text>
            </View>
            <View
              style={
                [
                  {
                    "flexBasis": 0,
                    "flexGrow": 2,
                    "flexShrink": 1,
                  },
                ]
              }
            >
              <Text
                style={
                  [
                    {
                      "color": "#0e3f6c",
                      "fontFamily": "Avenir",
                      "fontSize": 16,
                      "fontWeight": "400",
                    },
                    {
                      "color": "#0e3f6c",
                      "fontSize": 14,
                      "fontWeight": "900",
                      "marginLeft": 5,
                    },
                  ]
                }
              >
                RN
              </Text>
            </View>
          </View>
        </View>
        <View
          style={
            [
              {
                "flexBasis": 0,
                "flexDirection": "row",
                "flexGrow": 1,
                "flexShrink": 1,
                "marginBottom": 20,
                "marginTop": 100,
              },
            ]
          }
        >
          <View
            style={
              [
                {
                  "flexBasis": 0,
                  "flexGrow": 1,
                  "flexShrink": 1,
                },
              ]
            }
          >
            <View
              style={
                [
                  {
                    "marginLeft": 5,
                    "marginRight": 5,
                    "paddingBottom": 5,
                    "paddingLeft": 5,
                    "paddingRight": 5,
                    "paddingTop": 5,
                  },
                ]
              }
            >
              <View
                border={30}
                borderc="#99E1E1"
                borderw={2}
                style={
                  [
                    {
                      "borderColor": "#99E1E1",
                      "borderRadius": 30,
                      "borderWidth": 2,
                    },
                  ]
                }
              >
                <View
                  accessibilityLabel="AtomsButtonTestId"
                  accessibilityState={
                    {
                      "busy": undefined,
                      "checked": undefined,
                      "disabled": undefined,
                      "expanded": undefined,
                      "selected": undefined,
                    }
                  }
                  accessibilityValue={
                    {
                      "max": undefined,
                      "min": undefined,
                      "now": undefined,
                      "text": undefined,
                    }
                  }
                  accessible={true}
                  collapsable={false}
                  focusable={true}
                  onClick={[Function]}
                  onResponderGrant={[Function]}
                  onResponderMove={[Function]}
                  onResponderRelease={[Function]}
                  onResponderTerminate={[Function]}
                  onResponderTerminationRequest={[Function]}
                  onStartShouldSetResponder={[Function]}
                  style={
                    {
                      "alignItems": "center",
                      "backgroundColor": "#FFFFFF",
                      "borderRadius": 30,
                      "opacity": 1,
                      "paddingBottom": 15,
                      "paddingLeft": 15,
                      "paddingRight": 15,
                      "paddingTop": 15,
                    }
                  }
                  testID="AtomsButtonTestId"
                >
                  <Text
                    style={
                      [
                        {
                          "color": "#03606A",
                          "fontFamily": "Avenir",
                          "fontSize": 15,
                          "fontWeight": "500",
                        },
                      ]
                    }
                  >
                    TELL ME MORE
                  </Text>
                </View>
              </View>
            </View>
          </View>
          <View
            style={
              [
                {
                  "flexBasis": 0,
                  "flexGrow": 1,
                  "flexShrink": 1,
                },
              ]
            }
          >
            <View
              style={
                [
                  {
                    "marginLeft": 5,
                    "marginRight": 5,
                    "paddingBottom": 5,
                    "paddingLeft": 5,
                    "paddingRight": 5,
                    "paddingTop": 5,
                  },
                ]
              }
            >
              <View
                border={30}
                borderc="#99E1E1"
                borderw={2}
                style={
                  [
                    {
                      "borderColor": "#99E1E1",
                      "borderRadius": 30,
                      "borderWidth": 2,
                    },
                  ]
                }
              >
                <View
                  accessibilityLabel="JobDetailsScreenSubmitButtonTestId"
                  accessibilityState={
                    {
                      "busy": undefined,
                      "checked": undefined,
                      "disabled": undefined,
                      "expanded": undefined,
                      "selected": undefined,
                    }
                  }
                  accessibilityValue={
                    {
                      "max": undefined,
                      "min": undefined,
                      "now": undefined,
                      "text": undefined,
                    }
                  }
                  accessible={true}
                  collapsable={false}
                  focusable={true}
                  onClick={[Function]}
                  onResponderGrant={[Function]}
                  onResponderMove={[Function]}
                  onResponderRelease={[Function]}
                  onResponderTerminate={[Function]}
                  onResponderTerminationRequest={[Function]}
                  onStartShouldSetResponder={[Function]}
                  style={
                    {
                      "alignItems": "center",
                      "backgroundColor": "#d6f3f3",
                      "borderRadius": 30,
                      "opacity": 1,
                      "paddingBottom": 15,
                      "paddingLeft": 15,
                      "paddingRight": 15,
                      "paddingTop": 15,
                    }
                  }
                  testID="JobDetailsScreenSubmitButtonTestId"
                >
                  <Text
                    style={
                      [
                        {
                          "color": "#03606A",
                          "fontFamily": "Avenir",
                          "fontSize": 15,
                          "fontWeight": "500",
                        },
                      ]
                    }
                  >
                    PLEASE SUBMIT
                  </Text>
                </View>
              </View>
            </View>
          </View>
        </View>
      </View>
    </View>
  </RCTScrollView>,
  <Modal
    accessibilityLabel="JobDetailsAlertModalTestId"
    animationType="slide"
    hardwareAccelerated={false}
    onRequestClose={[Function]}
    style={
      [
        {},
      ]
    }
    testID="JobDetailsAlertModalTestId"
    transparent={true}
    visible={false}
  />,
]
`;
