// Jest Snapshot v1, https://goo.gl/fbAQLP

exports[`VContainer Component Should work as expected to get snapshot 1`] = `
<RCTSafeAreaView
  style={
    [
      {},
    ]
  }
>
  <View
    alignType="flex-start"
    style={
      [
        {
          "alignItems": "flex-start",
          "alignSelf": "flex-start",
          "flexDirection": "column",
        },
      ]
    }
  />
</RCTSafeAreaView>
`;
